SYsWdhxuCad2LOpoQhF0UjwCaEam3Qn4aZ+lcZHMY3BCnAgfaWPqRMnGilJBCJHgEp4oUL5Rlt6U0v8JLoWozmI+ddtnOyxi3S4cHsz+PqVPMEFIpT8tL/xhGA9Np2yHgbAHSEIO4cC9PgbuOYxZLHtAT3SFvhOjTmDvbAuWV3tWAdkGTPJUa4oAaL2v2VNV/0+xdpHpE4Nz1Ovqz10bx7pm2E+fpIZEFozdpAfvL9TAF38VeQ+Q4W8aN8liYy7AyvowYdq98M2UKT335IF7zOAdmRqWst4kg5eScwFAPBYSmk91vX/VnaM9XflliIYtdBUTPLXELKUpRw0db8I1PBohANojHGK2mXoStNRn7oMUO/A0Dyli4d0DMqX9FTJLuc3YjYW2FFunyGP5pxyiM1/Kj6KfDVmMi0oRdaehfPfog1jRLafglChtrCykoX/FBXlIRGadIdR2jQfn6I0Sh6Dtuf7E59iLJTBoMyCFQl4linuZ+ksUEWjJjn8AJlNYaAF/4TTccFa0MDSykYpUbzCnFhgY