vAjnUeyI4APAnlGVsDI9UAH6LWIhs2fSy5vUqUcjDif8BpwG95+LCVw4J8xpWHuF13/T1AD5xu1fQ2dvUfnk4v4Z/cJ7ItLOrHUutuADQwbOdl1gkxkAQEMSeHPzpBPtN1yO3hb0Jzmy1ok8yDFJvGMrO18fpzRCloUicw6rKFvSDqS30F1hqmSSf+LmrFv76WD+de3pQs+8ZAunMWQGN5JSx9v+cpKO9V3tGza3A6CEqD4tJOISggNmyLZ1djkNmei8AWvjgJ2zKOZFkk7TuX1S1Dzh5OXUkzPG/SdpI39AFH3861GE5ddKsUh35wsdFnf7Lg0pAY4GA+2cwwgcuabr8ppuLO0oVru2WBSLEodaXpbrux962dhtVVeQZP6iQnZoVytolUxhvS1X7OWmJRHhoIG0OlLyWnZr28QVPQ6KWI1AJ+nWWi8BxOXK1MyhevH67+41oP88o59ov4CfN24jnnFVOKvEx/lpgVX1v9GdxXaji897Iip0pIQwtHaYvhlbCeoxyub/W703Mmkn6UD+Bfad0+RBLzhRf8Cqpw==