zSOYBQQj3o66wH8xHP1sfh35I2IKlm3Gf2db0r0f1V71fzyZ4RZX/CeAK4rqATC/FtMjVY7w4bBoblUOOpxOurAsHvBgCD5bbbdXTczLWyOTDwTfUFPrCXTMdOt99/pxnZrg34O5EinwEJQjU3uJJnf4ER0OOYs3+0TvmE7WzgRmbCf+ek8rcsq2DqOSNyR2iels7zkVHUSAswSFmR2OrFP0K24y/9XEcBmPBBpaGu1hGpVvL/BEusL2a0AYb4vlnGWSzb3bHvf1tMxB/TXeZ57fiokhIjvXESywpj2bcHZNXV5UTztGCOREjgFcwo8PB6tq4L77jEBuUc6PD+uFHP+znJvPFVRRKzUPxKKnhXRvruDxGOwJHLXJAy+rxaVhVWA5EzHlb2yFQybYeDjMHD6LPqNPzUaPN6+ynMbcQNwLfo71tnEO1aLH0eIcWkmd0JUvo/ghCuruEkSFxiFX7B+3UCjoVTckqiaMcsbh8NcUzKTpY8JmQiLhWfD8mmJYCrkkDeqYdsP2GY64Bh1pxAJRSYAZG1NAIL0VkZKPSN+R