jqFNi6+ybNq5pkkrEtmnSCCM9Puf2We0sF2oE1xj7gBoGgVy7RtrN9JhSqopzXRSCJPJeJaVsFBOfKLYfRjsQynmDvOu/kYzP9CVUVX6EzxSBLNQidYx6RS32F5YKMa5jT7SdpuFEL93eqxF9JaPsU3DeU11c73xkPdi3jhB+JbwpnCPgukjidiiDxbqIDYalL0ZTYB746Y9zq+Mpx7tqL/gZc2i9b67Fi3ODGrahMOGtgEsp2TZiBQEpq/VuK3CfnxtfYV8VwogE/lbZFR13jy8q6QriHeEWUSe0lkCozr4mea1qk5rRD7RgLKP8B6NfKjtEp/KKdgtm79yHx/xthmimFGw0KrVtxzST7FGEFlFfgwdA4ucHF0HLcMs0yFjpoAba1mBZk3tbMCTURsWt7DFbjxHKDZQQ/zUrPsXN8Vfb1T3MLLXbKEk4dSz5AW7/8E2Nqfdi1vLScOdkwAplgez/dseF9jYSEs0uVf2pNkM5TD95E4AxdSiaTShjwDc0ttjNroydYsyeZh6vLibIje5/Cr0L22Zqo/SUJD4F++Ji3Of2hepIz6LbEEcs331bEdTJfSTX5QovHcoLjzzfbLpeoIKWpDcJqKuZTIpTPW2wOqndEBFtG9TCaRCKsjlCC0rdQ97YpiYkzuPfnbKuiz0TaIO4zeXElMbKOTpA2jSLPvbUwFA1bvUIMQpVBN//P1FRjUdSg+S1l9db74vlJ7rxF/83v4Pk1zgWvXcqQ==