wGIB/7CamFw2t2ZFjzPBczQkYt+j6qguEDKm9JO5GkrX8VbaOu2xDEpGe5gjzRyjVoumdu7ZRzWDeV/brRgPJE1gN76Ev/rkpWgbMzc9M6SgPdAUGi+GxwzwfkDcHV9SV4iHMw3vlGnw6SAZyxwqB9N2pmssuZ6YLd5ttZNazuJ+aMQIdCVLRxbcGe9wco7C7ew14TDFBpq+m4qROBuTc3rvWUrvgFl738XReIEgxZG2nKpZ9rNVha51WB5W59kyRQU7s+aLz1N8VeqTFxBZPEPEKg/1HdoFBAeRUXZn64y9hjuecvAxX527AB/itbrZOPqB2FPXqTgduPr8HVh4e0aVMAw+np0y4gj5qNF6nILaG/2S3PWys0XKmPqyq4lWOZQzqAqkYjk6neq0lKEvIe+vHs3lE3R8sag3HhhhjVg8ZKhlXnzq3iIK4L/4lELw9H6Y+cM01JsmT0xCoawyF4RnbzMEL7K7MzPauvPyT2skCtYJr5Qsoadi5q2T/Gv8kQXPKIWHVlQQA1iWfAAxov0XNI+kAw8sgAfur7VcbgmPpbZejMWW9WYVh+Abxf96fR1dHO6deK9h7tsPnIDin3qb+tKRiU/Fh70XMbiBv4fDuuagosTYx6jCzQGYbfCirhp/r2myR3TXDesLci1hmqLVDVO6hUx6MKgyd/Pcr2dtIVwobhfo5yGAuRdaqkWY0syMipuD5Y+X5iff4bNByScQS2OPNm+Dqd7kFlbYu6O5kxM4895s5lvJGguBJfeaY6iZ19+V8x+jiaGm8JTIunPhY3gFXMMmHnmMEKkNP5bj2FM24Uk2Pv1ELt4c+ha4LaccH2n/47SaI+QEkZC9gC+EjGIVCxad5JiRkd37+eatbrP4PLo5JKYSjPSY1sxphRQ3LEXMJKk3ZCiDuXudN5nIkDnx9zB7d1KOXtl/Dbw9XocaPl0GHFl6swE=