G/Y/l8+YMeIJXxhW+HvcalROSedMLHHRegGxz78RVN48wQUFhwN4mTovRcPGJzCgwvRGM5g+tS1f3T/OEef467Ws3ZPH3iG2Zi6DmSF27B4LhUqXhcq1Lqp2IS1DxvgKr+H+Ae88j6aTsiIOnDZg9M7GKim8hIxHm9kizD+zfhDR4v05tV4hSfIKHd1e8fuFd3K8/eSTC9uBTJ3Zc5Kod2nQaaCZ9oD0gLPS3rt5cTl3ChHK1o89sXCEpXm3eaaztGyIcR7kdFyTEGvdot2SB9q6rJPVC/twlcysgY/bGVL2f60hqZU4/hvQgJlDNjYiSZWW2tLI4NB40B216VL+YMc1TKYjCg4e4lgc4a1UTLRlyv8cAozW/GJmiIk46nhP/bAFWK1zN8ARlytrssYILrVajrd3G/yVzeYbBUcJhuWGI/MtX5PlHXa5cxRG3cdjsxqcjxNiB8frcMc13q1DojOPj2jFA06B5JNL8zTFnoM9DqNreQKqIiEgx8J7y4qPSlWa5hL5z2OBq3+lSb5mfuZOwGO/HwcdalnkOTsYha6GXRF/VSJ2ep+VzqqpU6FyMythI88r/P6EmzuecOCt1ytCnVCE8IrJgw==