vFTRcpojqtvZBdyhxZ/ZDaD7rAIU4zXjxaL8Fu6VpioPRX92CJiK1y8KUxh2kmIPk8jKZauK9wamjvCS9Q5FntUqMymg3nHbsFoRlV6v2P3BVRA0uHxpHfQ4cAqVBIdkIOmOvxb4HZxW2Wh/gWXOR6qINSAS71UkPeQVeASMP/DMqMKLH1KyIJTOLkx5bzfFrTjqkhlplhM17AUmNt+AA0uytV7xa9u8ygN8fN07yhtH/TGdHUJj+s7hBOoZEB70lfxQFnqVLU61PtiyPp0ySxYRnhK2gzceo9idHT+RHMgrvQp/EfUpX56zx7KEmWSEGuWCv9aSGHEO04kZZZ9Py48HMXnrenWKK/AH7hJCl/bg+XYjtskgSxboCu70eU/LPdhzLqJ64BUFrqNkc8m1UWd/9X5OLTh+z22eJ/3ZQM5MjolqUz88VL53X2r6hEApwHGeBZqQ0JJMfmIXjLXwlYejgN+VqAzHiH/Yk8BDEeHfCa4nHCQzmdRL31Pa4H3D6KveZu1T6fxHmMgLpCp8/x595dAxsV1QteJI/dfF0Tg6OcDV4A+oTk3jOPag2jiGSEU+OUbY6lUD0pGCQPfTKGqvNKRNNnW77iPM2rHDZuPGgJb/lchrXo2kl36FscCBtMEIWRH3ox4isETnlUrPGlOO74K+hWvit0+ej4ssjxgk73HGoL0Opxnz9gi1IdJbG+QQCASrJMIoIipZQJVM7o7RkoGkoh2178jopejQ