CHAPTER VII IN THE WINTER of 1813 Nicholas married Prin- cess Mary and moved to Bald Hills with his wife, his mother, and S6nya. Within four years he had paid off all his re- maining debts without selling any of his wife's property, and having received a small inherit- ance on the death of a cousin he paid his debt to Pierre as well. In another three years, by 1820, he had so managed his affairs that he was able to buy a small estate adjoining Bald Hills and was ne- gotiating to buy back Otrddnoe that being his pet dream. Having started farming from necessity, he soon grew so devoted to it that it became his 