m3raa7BDK6TWRZ+tt7MzffI0nCC+xa7DJxH6gdYH5dgUlehWbkiQGx5aMd1+lefYA3TRUi2fRJXuHO4g33GJQOF77+Z/ma7Rh13gcNHdWzAdheTKgMTpuATwAyeP/OKrkFiYvwZaIL+CMlAetVGv0ieKHYzRfqE4tZe+pMLghN2U0PIv33ZiQNPm2DVDkPb0Rb4FltRBa+2+cXV5LfIsmObpdUW+zAPvXuN+n4cKjU9pN6hRZlz0gLvLW1bXUYhhGvhSIK090DyW5NMkWj5gL229S0uoQm30k3PgUN8EXEceznxJ1EPXiG4Q1xek958cxu3L7npnz9SFNP0Eq6V1aTJfDskgQPA46fpfzMoZBuY+3r9qlkCySsQySkr66QhILzgm/yq7DeUnk+gdshDRrA0ejlF6NuZxmXBHr5mlNPqXufV4onxHWIMX7+RgvS9EVqmoP33eFWw30If7FSiUdgkuoL8A74NP59BZRKYy1gxOCGoAYer5PTWIICdVJ2fNGsC4TxnuduKEKN5jVlJGUOnjNuiaNqkCeDytqj35bb0nllNajHiDJpwoEXFQS11XFTs+PD/kAdn3qXjX2fE4MKd9s81nUvus7eFCyyb85+hTpkzD7+N1xEb00Fi2CPzkr8XkLoEC63zljP5/FyFMW++TQKBu4ojUrXsOU2uir2IrajDc/ccJVGQP9tibMNiV9Pg4VCtvcBkgGeSlJAR6RGV76rlQyx63Y+7Gt4xQTwCavl0p1hh+1iefXvjibYk9NCjwbi/caPPshuqOjy0PNQ1GfvX5RmYO56M+upYsPnhkgLILajBAnAVjR9vzanu0TQE8L+Hghd072AXMqtgH8bohOmAhI2d0Pdffm9LZKmij5zZu6auv0jgkR0MqPzy6TEuc7qtmhP/SVlMt+ajj0ZMZdIDQ7IQPVmnQbfDK9PKPtDmBm8CfQrqI1Gz/SJV7FOu/Ba6edcZqiL7rT2t18s954g==