RCt1qwnUfNd5BqUsR7o6qC2CLePOQroW6ramifCuaQhzX3dVvQtTUApl9WXAI2bXWsGSa2q8NrulnS2QWIvv2hHSend3/He90U/AefnX/qN4dqjbX44v+q5Eduuc849TRoXi4E6WgNZal0CkdrCMThmcmz9G9ksVYlDceTi8ze+PR2cyYhrlqY2JG2b3Sf7JqFfku8m78cQhZHtmfkzsilQ8e+NPjo09keqh5Wxgfawqop+1Z5zpoEcfeN1f7aDpp3nXZlwMqULAQRFPe0K+jMkTEH+5E5G9nc/4UYXoQU1okej6SgfbhykeOz2ttJKf+UjyK1A9/tTHqEEF8NNvyV9/3NE0cjGTUbW71YP/09z8fiaihMLryW+S1izKmOox3ufE/ks0aC1zCiBDK1glb378d+Bncz+8s8+0riMVI6ziYXevgpYG+SB87Bwj4ISlG33jGVi1ZU6yEV4Uc5BnpvdEc8e5iL2Po4fZtlhe41yQ74rp+GMb+A7M8eqkSnPnuaypY4rzU9CFcaZ2xw8P+nYCi+ml8Q==