bfktqlTsMeeY+l+18W+RVIEndMmn34LVsMbbdstLF43mvLlNyWxPADUtVTw2NfTUqP6YbvNoME5sHH42AHg6OS8W1ydAKDm6YzJgDA0s/rprY/lMWH/TE5s+Wvgf4LOLOaUOdRezOpnN5VMwgxbFJkbgjXJPNG7y6BLSv9S10EQDFr6Mx8xl+F11pjS3acUrulO8s/dRBnWzdWy+4bIij+0OMSzIeOC6lHBMt4raJF04bk6NIYS07vqBNy43vv3l0EdXfMJ5VC09q/diEjK6XyfStNp35Yo8/oD2ZvuL3dyBX3xsm5e3FVJ+ZFfTkcnVVw2P2KU87yFlqbjx+SrSmvrz8s8cwwx+ArJGtEwP2/KztgkEep9r3t1BbFX04cdCB1fP4gioD3MlX+e15dBJ1hYjavpsRRF1KwfhbtlkP7hc89o0wTz4jeE2g3HgI4iJwmDOIieqL5rc7p23oTK/hX0pNjKPeB6vDtbcPKtCOrA+RXRb/KSlQGcJcqHSn7qJc6YDts+ZlLJWltsxuwVDnH3qizx25mbi/tztQU0JoAYXWYWHn/otnFluyjcbrQ1QsxbZq1nHM7njBEEFRdaNk+VxIVUyG2+r9hhWLCsF2n8kFz6yDKHmYm0E63aEaBiheGxhaQJmPfAZ4HRIs/y9/69lWGquGz70aP6naqO9iCzA/8DJvcMNLHh5+FK9B7uQsLseP1Bz3NrWAVw=