yI9BH/U9wvhzXA6Mm52MP5Gs52Y7pwQATGI6kxq/FLmJLgXI1RmG6vpEXG6b31LL9+s16NCmAGYv18F3vBGPGovNRWKb/ab6x9slSYYR3r0dwBNGSvP81YFoElow5pITOTpzfttWFewwmpeBUb1tXGiZiUyp83UbVDgFgH+Zax8Zt0J5bHihYvJYBViirBZO3J9WZdkbSdSv0apIoFYnUO+4kiFK8Q3My7QnhGwvmR8FomjBS7043ioXe1zA4qQOCWeCtJNDOQSTFmqt8wRiAUfU9bpeXeQvS3NUHTiSMhPby+CODdte/OgqcFuhUEMJh9eSf5AI/YQcYvhmkkFRrLvIljfMsMhOfcoNQW056xWG5GQbDfyIIvYVO92kop+RbcJtFjoeUTqIDkTsM/F5wi/utiyqhqx0LiMRr7maGJrAwpU=