Book Four: 1806 CHAPTER I EARLY IN THE YEAR 1806 Nicholas Rost6v re- turned home on leave. Denisov was going home to Vor6nezh and Rost6v persuaded him to travel with him as far as Moscow and to stay with him there. Meeting a comrade at the last post station but one before Moscow, Denfsov had drunk three bottles of wine with him and, despite the jolting ruts across the snow- covered road, did not once wake up on the way to Moscow, but lay at the bottom of the sleigh 